// Jest Snapshot v1, https://goo.gl/fbAQLP

exports[`should test header component should render component correctly 1`] = `
<div
  className="todo-header"
>
  <h1>
    toDoList
  </h1>
  <Connect(Filter) />
</div>
`;
